// Jest Snapshot v1, https://goo.gl/fbAQLP

exports[`should render AddBudgetPage 1`] = `
<div>
  <div
    className="page-header"
  >
    <div
      className="content-container"
    >
      <h1
        className="page-header__title"
      >
        Add Budget
      </h1>
      <p
        className="page-header__subtitle"
      >
        Note: Budgeted expenses are tracked by month.
      </p>
    </div>
  </div>
  <div
    className="content-container"
  >
    <BudgetForm
      onSubmit={[Function]}
    />
  </div>
</div>
`;
