// Jest Snapshot v1, https://goo.gl/fbAQLP

exports[`should render BudgetDashboardPage 1`] = `
<div>
  <BudgetsSummary />
  <Connect(BudgetList) />
</div>
`;
