// Jest Snapshot v1, https://goo.gl/fbAQLP

exports[`should render BudgetsSummary 1`] = `
<div
  className="page-header"
>
  <div
    className="content-container"
  >
    <h1
      className="page-header__title"
    >
      Budgets
    </h1>
    <p
      className="page-header__subtitle"
    >
      Note: Budgeted expenses are tracked monthly.
    </p>
    <div
      className="page-header__actions"
    >
      <Link
        className="button"
        replace={false}
        to="/create/budget"
      >
        Add Budget
      </Link>
      <Link
        className="button"
        replace={false}
        to="/dashboard/expenses"
      >
        View Expenses
      </Link>
    </div>
  </div>
</div>
`;
